// Jest Snapshot v1, https://goo.gl/fbAQLP

exports[`Testing that the ActivityFeed matches snapshot 1`] = `
<div
  id="activity-feed"
/>
`;
