// Jest Snapshot v1, https://goo.gl/fbAQLP

exports[`Testing that the FollowButton matches snapshot 1`] = `
<div>
  <button
    onClick={[Function]}
  >
    Unfollow
  </button>
</div>
`;
