// Jest Snapshot v1, https://goo.gl/fbAQLP

exports[`matches snapshot 1`] = `
<div
  className="MuiBox-root css-k008qs"
>
  <div
    className="MuiDrawer-root MuiDrawer-docked css-12l8nii-MuiDrawer-docked"
  >
    <div
      className="MuiPaper-root MuiPaper-elevation MuiPaper-elevation0 MuiDrawer-paper MuiDrawer-paperAnchorLeft MuiDrawer-paperAnchorDockedLeft css-12i7wg6-MuiPaper-root-MuiDrawer-paper"
    >
      <div
        className="MuiToolbar-root MuiToolbar-gutters MuiToolbar-regular css-hyum1k-MuiToolbar-root"
      />
      <ul
        className="MuiList-root MuiList-padding css-h4y409-MuiList-root"
      >
        <li
          className="MuiListItem-root MuiListItem-gutters css-1nxmd3h-MuiListItem-root"
          disabled={false}
        >
          <a
            className="MuiButtonBase-root MuiListItemButton-root MuiListItemButton-gutters MuiListItemButton-root MuiListItemButton-gutters css-16ac5r2-MuiButtonBase-root-MuiListItemButton-root"
            href="/"
            onBlur={[Function]}
            onClick={[Function]}
            onContextMenu={[Function]}
            onDragLeave={[Function]}
            onFocus={[Function]}
            onKeyDown={[Function]}
            onKeyUp={[Function]}
            onMouseDown={[Function]}
            onMouseLeave={[Function]}
            onMouseUp={[Function]}
            onTouchEnd={[Function]}
            onTouchMove={[Function]}
            onTouchStart={[Function]}
            tabIndex={0}
          >
            <div
              className="MuiListItemIcon-root css-cveggr-MuiListItemIcon-root"
            >
              <svg
                aria-hidden={true}
                className="MuiSvgIcon-root MuiSvgIcon-fontSizeMedium css-i4bv87-MuiSvgIcon-root"
                data-testid="HomeIcon"
                focusable="false"
                viewBox="0 0 24 24"
              >
                <path
                  d="M10 20v-6h4v6h5v-8h3L12 3 2 12h3v8z"
                />
              </svg>
            </div>
            <div
              className="MuiListItemText-root css-tlelie-MuiListItemText-root"
            >
              <span
                className="MuiTypography-root MuiTypography-body1 MuiListItemText-primary css-10hburv-MuiTypography-root"
              >
                Home
              </span>
            </div>
          </a>
        </li>
        <li
          className="MuiListItem-root MuiListItem-gutters css-1nxmd3h-MuiListItem-root"
          disabled={false}
        >
          <a
            className="MuiButtonBase-root MuiListItemButton-root MuiListItemButton-gutters MuiListItemButton-root MuiListItemButton-gutters css-16ac5r2-MuiButtonBase-root-MuiListItemButton-root"
            href="/search"
            onBlur={[Function]}
            onClick={[Function]}
            onContextMenu={[Function]}
            onDragLeave={[Function]}
            onFocus={[Function]}
            onKeyDown={[Function]}
            onKeyUp={[Function]}
            onMouseDown={[Function]}
            onMouseLeave={[Function]}
            onMouseUp={[Function]}
            onTouchEnd={[Function]}
            onTouchMove={[Function]}
            onTouchStart={[Function]}
            tabIndex={0}
          >
            <div
              className="MuiListItemIcon-root css-cveggr-MuiListItemIcon-root"
            >
              <svg
                aria-hidden={true}
                className="MuiSvgIcon-root MuiSvgIcon-fontSizeMedium css-i4bv87-MuiSvgIcon-root"
                data-testid="SearchIcon"
                focusable="false"
                viewBox="0 0 24 24"
              >
                <path
                  d="M15.5 14h-.79l-.28-.27C15.41 12.59 16 11.11 16 9.5 16 5.91 13.09 3 9.5 3S3 5.91 3 9.5 5.91 16 9.5 16c1.61 0 3.09-.59 4.23-1.57l.27.28v.79l5 4.99L20.49 19l-4.99-5zm-6 0C7.01 14 5 11.99 5 9.5S7.01 5 9.5 5 14 7.01 14 9.5 11.99 14 9.5 14z"
                />
              </svg>
            </div>
            <div
              className="MuiListItemText-root css-tlelie-MuiListItemText-root"
            >
              <span
                className="MuiTypography-root MuiTypography-body1 MuiListItemText-primary css-10hburv-MuiTypography-root"
              >
                Search
              </span>
            </div>
          </a>
        </li>
        <li
          className="MuiListItem-root MuiListItem-gutters css-1nxmd3h-MuiListItem-root"
          disabled={false}
        >
          <a
            className="MuiButtonBase-root MuiListItemButton-root MuiListItemButton-gutters MuiListItemButton-root MuiListItemButton-gutters css-16ac5r2-MuiButtonBase-root-MuiListItemButton-root"
            href="/create"
            onBlur={[Function]}
            onClick={[Function]}
            onContextMenu={[Function]}
            onDragLeave={[Function]}
            onFocus={[Function]}
            onKeyDown={[Function]}
            onKeyUp={[Function]}
            onMouseDown={[Function]}
            onMouseLeave={[Function]}
            onMouseUp={[Function]}
            onTouchEnd={[Function]}
            onTouchMove={[Function]}
            onTouchStart={[Function]}
            tabIndex={0}
          >
            <div
              className="MuiListItemIcon-root css-cveggr-MuiListItemIcon-root"
            >
              <svg
                aria-hidden={true}
                className="MuiSvgIcon-root MuiSvgIcon-fontSizeMedium css-i4bv87-MuiSvgIcon-root"
                data-testid="AddBoxIcon"
                focusable="false"
                viewBox="0 0 24 24"
              >
                <path
                  d="M19 3H5c-1.11 0-2 .9-2 2v14c0 1.1.89 2 2 2h14c1.1 0 2-.9 2-2V5c0-1.1-.9-2-2-2zm-2 10h-4v4h-2v-4H7v-2h4V7h2v4h4v2z"
                />
              </svg>
            </div>
            <div
              className="MuiListItemText-root css-tlelie-MuiListItemText-root"
            >
              <span
                className="MuiTypography-root MuiTypography-body1 MuiListItemText-primary css-10hburv-MuiTypography-root"
              >
                Create
              </span>
            </div>
          </a>
        </li>
        <li
          className="MuiListItem-root MuiListItem-gutters css-1nxmd3h-MuiListItem-root"
          disabled={false}
        >
          <a
            className="MuiButtonBase-root MuiListItemButton-root MuiListItemButton-gutters MuiListItemButton-root MuiListItemButton-gutters css-16ac5r2-MuiButtonBase-root-MuiListItemButton-root"
            href="/profile"
            onBlur={[Function]}
            onClick={[Function]}
            onContextMenu={[Function]}
            onDragLeave={[Function]}
            onFocus={[Function]}
            onKeyDown={[Function]}
            onKeyUp={[Function]}
            onMouseDown={[Function]}
            onMouseLeave={[Function]}
            onMouseUp={[Function]}
            onTouchEnd={[Function]}
            onTouchMove={[Function]}
            onTouchStart={[Function]}
            tabIndex={0}
          >
            <div
              className="MuiListItemIcon-root css-cveggr-MuiListItemIcon-root"
            >
              <svg
                aria-hidden={true}
                className="MuiSvgIcon-root MuiSvgIcon-fontSizeMedium css-i4bv87-MuiSvgIcon-root"
                data-testid="AccountBoxIcon"
                focusable="false"
                viewBox="0 0 24 24"
              >
                <path
                  d="M19 3H5c-1.1 0-2 .9-2 2v14c0 1.1.9 2 2 2h14c1.1 0 2-.9 2-2V5c0-1.1-.9-2-2-2zm-7 3c1.93 0 3.5 1.57 3.5 3.5S13.93 13 12 13s-3.5-1.57-3.5-3.5S10.07 6 12 6zm7 13H5v-.23c0-.62.28-1.2.76-1.58C7.47 15.82 9.64 15 12 15s4.53.82 6.24 2.19c.48.38.76.97.76 1.58V19z"
                />
              </svg>
            </div>
            <div
              className="MuiListItemText-root css-tlelie-MuiListItemText-root"
            >
              <span
                className="MuiTypography-root MuiTypography-body1 MuiListItemText-primary css-10hburv-MuiTypography-root"
              >
                Profile
              </span>
            </div>
          </a>
        </li>
      </ul>
    </div>
  </div>
</div>
`;
